D:\BHMBA17\AnsteuerungSchrittmotor\Logical\Global.typ
D:\BHMBA17\AnsteuerungSchrittmotor\Logical\Global.var
D:\BHMBA17\AnsteuerungSchrittmotor\Logical\Libraries\operator\operator.fun
D:\BHMBA17\AnsteuerungSchrittmotor\Logical\Libraries\operator\operator.typ
D:\BHMBA17\AnsteuerungSchrittmotor\Logical\Libraries\operator\operator.var
D:\BHMBA17\AnsteuerungSchrittmotor\Logical\Libraries\runtime\runtime.fun
D:\BHMBA17\AnsteuerungSchrittmotor\Logical\Libraries\runtime\runtime.typ
D:\BHMBA17\AnsteuerungSchrittmotor\Logical\Libraries\runtime\runtime.var
D:\BHMBA17\AnsteuerungSchrittmotor\Logical\Libraries\astime\astime.fun
D:\BHMBA17\AnsteuerungSchrittmotor\Logical\Libraries\astime\astime.typ
D:\BHMBA17\AnsteuerungSchrittmotor\Logical\Libraries\astime\astime.var
D:\BHMBA17\AnsteuerungSchrittmotor\Logical\Libraries\AsIecCon\AsIecCon.fun
D:\BHMBA17\AnsteuerungSchrittmotor\Logical\Libraries\AsIecCon\AsIecCon.typ
D:\BHMBA17\AnsteuerungSchrittmotor\Logical\Libraries\AsIecCon\AsIecCon.var
D:\BHMBA17\AnsteuerungSchrittmotor\Logical\Libraries\Acp10man\Acp10man.typ
D:\BHMBA17\AnsteuerungSchrittmotor\Logical\Libraries\Acp10par\Acp10par.var
D:\BHMBA17\AnsteuerungSchrittmotor\Logical\Libraries\NcGlobal\NcGlobal.fun
D:\BHMBA17\AnsteuerungSchrittmotor\Logical\Libraries\NcGlobal\NcGlobal.typ
D:\BHMBA17\AnsteuerungSchrittmotor\Logical\Libraries\NcGlobal\NcGlobal.var
D:\BHMBA17\AnsteuerungSchrittmotor\Logical\Libraries\Acp10sdc\acp10sdc.var
D:\BHMBA17\AnsteuerungSchrittmotor\Logical\Libraries\Acp10sdc\acp10sdc.typ
D:\BHMBA17\AnsteuerungSchrittmotor\Logical\Libraries\Acp10_MC\acp10_mc.fun
D:\BHMBA17\AnsteuerungSchrittmotor\Logical\Libraries\Acp10_MC\acp10_mc.typ
D:\BHMBA17\AnsteuerungSchrittmotor\Logical\Libraries\Acp10_MC\acp10_mc.var
D:\BHMBA17\AnsteuerungSchrittmotor\Logical\Libraries\brsystem\brsystem.fun
D:\BHMBA17\AnsteuerungSchrittmotor\Logical\Libraries\brsystem\brsystem.typ
D:\BHMBA17\AnsteuerungSchrittmotor\Logical\Libraries\brsystem\brsystem.var
D:\BHMBA17\AnsteuerungSchrittmotor\Logical\Libraries\sys_lib\sys_lib.fun
D:\BHMBA17\AnsteuerungSchrittmotor\Logical\Libraries\sys_lib\sys_lib.typ
D:\BHMBA17\AnsteuerungSchrittmotor\Logical\Libraries\sys_lib\sys_lib.var
D:\BHMBA17\AnsteuerungSchrittmotor\Logical\Libraries\AsBrStr\AsBrStr.fun
D:\BHMBA17\AnsteuerungSchrittmotor\Logical\Libraries\AsBrStr\AsBrStr.typ
D:\BHMBA17\AnsteuerungSchrittmotor\Logical\Libraries\AsBrStr\AsBrStr.var
