C:\Users\leoch\OneDrive - HTBLA Kaindorf\4.Klasse\Labor\SR\2.Runde\Neuer Ordner\Stanze\Logical\Global.typ
C:\Users\leoch\OneDrive - HTBLA Kaindorf\4.Klasse\Labor\SR\2.Runde\Neuer Ordner\Stanze\Logical\Global.var
C:\Users\leoch\OneDrive - HTBLA Kaindorf\4.Klasse\Labor\SR\2.Runde\Neuer Ordner\Stanze\Logical\Libraries\operator\operator.fun
C:\Users\leoch\OneDrive - HTBLA Kaindorf\4.Klasse\Labor\SR\2.Runde\Neuer Ordner\Stanze\Logical\Libraries\operator\operator.typ
C:\Users\leoch\OneDrive - HTBLA Kaindorf\4.Klasse\Labor\SR\2.Runde\Neuer Ordner\Stanze\Logical\Libraries\operator\operator.var
C:\Users\leoch\OneDrive - HTBLA Kaindorf\4.Klasse\Labor\SR\2.Runde\Neuer Ordner\Stanze\Logical\Libraries\runtime\runtime.fun
C:\Users\leoch\OneDrive - HTBLA Kaindorf\4.Klasse\Labor\SR\2.Runde\Neuer Ordner\Stanze\Logical\Libraries\runtime\runtime.typ
C:\Users\leoch\OneDrive - HTBLA Kaindorf\4.Klasse\Labor\SR\2.Runde\Neuer Ordner\Stanze\Logical\Libraries\runtime\runtime.var
C:\Users\leoch\OneDrive - HTBLA Kaindorf\4.Klasse\Labor\SR\2.Runde\Neuer Ordner\Stanze\Logical\Libraries\astime\astime.fun
C:\Users\leoch\OneDrive - HTBLA Kaindorf\4.Klasse\Labor\SR\2.Runde\Neuer Ordner\Stanze\Logical\Libraries\astime\astime.typ
C:\Users\leoch\OneDrive - HTBLA Kaindorf\4.Klasse\Labor\SR\2.Runde\Neuer Ordner\Stanze\Logical\Libraries\astime\astime.var
C:\Users\leoch\OneDrive - HTBLA Kaindorf\4.Klasse\Labor\SR\2.Runde\Neuer Ordner\Stanze\Logical\Libraries\AsIecCon\AsIecCon.fun
C:\Users\leoch\OneDrive - HTBLA Kaindorf\4.Klasse\Labor\SR\2.Runde\Neuer Ordner\Stanze\Logical\Libraries\AsIecCon\AsIecCon.typ
C:\Users\leoch\OneDrive - HTBLA Kaindorf\4.Klasse\Labor\SR\2.Runde\Neuer Ordner\Stanze\Logical\Libraries\AsIecCon\AsIecCon.var
C:\Users\leoch\OneDrive - HTBLA Kaindorf\4.Klasse\Labor\SR\2.Runde\Neuer Ordner\Stanze\Logical\Libraries\standard\standard.fun
C:\Users\leoch\OneDrive - HTBLA Kaindorf\4.Klasse\Labor\SR\2.Runde\Neuer Ordner\Stanze\Logical\Libraries\standard\standard.typ
C:\Users\leoch\OneDrive - HTBLA Kaindorf\4.Klasse\Labor\SR\2.Runde\Neuer Ordner\Stanze\Logical\Libraries\standard\standard.var
